// Jest Snapshot v1, https://goo.gl/fbAQLP

exports[`<SnackButton /> renders correctly 1`] = `
<View
  collapsable={false}
  style={
    {
      "alignSelf": undefined,
      "bottom": undefined,
      "left": undefined,
      "position": undefined,
      "right": undefined,
      "shadowColor": "#000",
      "shadowOffset": {
        "height": 0,
        "width": 0,
      },
      "shadowOpacity": 0,
      "shadowRadius": 0,
      "top": undefined,
    }
  }
>
  <View
    collapsable={false}
    style={
      {
        "shadowColor": "#000",
        "shadowOffset": {
          "height": 0,
          "width": 0,
        },
        "shadowOpacity": 0,
        "shadowRadius": 0,
      }
    }
  >
    <View
      backgroundColor="rgb(204, 204, 82)"
      collapsable={false}
      style={
        {
          "backgroundColor": "rgb(73, 73, 0)",
          "borderColor": "rgba(121, 116, 126, 1)",
          "borderRadius": 8,
          "borderStyle": "solid",
          "borderWidth": 1,
          "direction": "ltr",
          "flexDirection": "column",
          "height": 50,
          "margin": 15,
        }
      }
    >
      <View
        accessibilityRole="button"
        accessibilityState={
          {
            "disabled": false,
            "selected": false,
          }
        }
        accessible={true}
        collapsable={false}
        focusable={true}
        onBlur={[Function]}
        onClick={[Function]}
        onFocus={[Function]}
        onResponderGrant={[Function]}
        onResponderMove={[Function]}
        onResponderRelease={[Function]}
        onResponderTerminate={[Function]}
        onResponderTerminationRequest={[Function]}
        onStartShouldSetResponder={[Function]}
        style={
          [
            {
              "overflow": "hidden",
            },
            false,
            [
              {
                "borderRadius": 8,
              },
              {
                "flexGrow": 1,
              },
            ],
          ]
        }
      >
        <View
          style={
            [
              {
                "alignItems": "center",
                "flexDirection": "row",
                "flexGrow": 1,
                "paddingLeft": 4,
                "position": "relative",
              },
              {
                "paddingLeft": 0,
              },
              {
                "paddingRight": 0,
              },
            ]
          }
        >
          <Text
            numberOfLines={1}
            selectable={false}
            style={
              [
                {
                  "color": "rgba(28, 27, 31, 1)",
                  "fontFamily": "System",
                  "fontSize": 14,
                  "fontWeight": "500",
                  "letterSpacing": 0.1,
                  "lineHeight": 20,
                },
                {
                  "textAlign": "left",
                },
                {
                  "writingDirection": "ltr",
                },
                [
                  {
                    "marginVertical": 6,
                    "textAlignVertical": "center",
                  },
                  {
                    "color": "rgba(73, 69, 79, 1)",
                    "fontFamily": "System",
                    "fontSize": 14,
                    "fontWeight": "500",
                    "letterSpacing": 0.1,
                    "lineHeight": 20,
                  },
                  {
                    "marginLeft": 16,
                    "marginRight": 16,
                  },
                  {
                    "fontSize": 16,
                  },
                ],
              ]
            }
          >
            abc
          </Text>
        </View>
      </View>
    </View>
  </View>
</View>
`;
