// Jest Snapshot v1, https://goo.gl/fbAQLP

exports[`<SnackButton /> renders correctly 1`] = `
<View>
  <RCTSafeAreaView
    pointerEvents="box-none"
    style={
      [
        {
          "bottom": 0,
          "position": "absolute",
          "width": "100%",
        },
        undefined,
      ]
    }
  >
    <View
      collapsable={false}
      style={
        {
          "alignSelf": undefined,
          "bottom": undefined,
          "left": undefined,
          "position": undefined,
          "right": undefined,
          "shadowColor": "#000",
          "shadowOffset": {
            "height": 2,
            "width": 0,
          },
          "shadowOpacity": 0.15,
          "shadowRadius": 6,
          "top": undefined,
        }
      }
    >
      <View
        collapsable={false}
        style={
          {
            "shadowColor": "#000",
            "shadowOffset": {
              "height": 1,
              "width": 0,
            },
            "shadowOpacity": 0.3,
            "shadowRadius": 2,
          }
        }
      >
        <View
          accessibilityLiveRegion="polite"
          collapsable={false}
          pointerEvents="box-none"
          style={
            {
              "alignItems": "center",
              "backgroundColor": "rgb(202, 200, 165)",
              "borderRadius": 4,
              "flexDirection": "row",
              "justifyContent": "space-between",
              "margin": 8,
              "opacity": 0,
              "transform": [
                {
                  "scale": 0.9,
                },
              ],
            }
          }
          styles={
            {
              "backgroundColor": "rgb(202, 200, 165)",
            }
          }
        >
          <Text
            style={
              [
                {
                  "textAlign": "left",
                },
                {
                  "color": "rgba(28, 27, 31, 1)",
                  "fontFamily": "System",
                  "fontWeight": "400",
                  "letterSpacing": 0,
                },
                {
                  "writingDirection": "ltr",
                },
                [
                  {
                    "flex": 1,
                    "marginLeft": 16,
                    "marginVertical": 14,
                  },
                  {
                    "color": "rgb(28, 28, 23)",
                    "marginRight": 16,
                  },
                ],
              ]
            }
          >
            abc
          </Text>
        </View>
      </View>
    </View>
  </RCTSafeAreaView>
</View>
`;
