// Jest Snapshot v1, https://goo.gl/fbAQLP

exports[`<TextBilingualSentencesWordPairs /> renders without crashing renders correctly 1`] = `
Array [
  <Text
    style={
      Array [
        Object {
          "color": "#000000",
          "fontFamily": "System",
          "fontWeight": "400",
        },
        Object {
          "textAlign": "left",
        },
        Object {
          "fontSize": 25,
          "paddingBottom": 5,
          "paddingTop": 15,
          "textAlign": "right",
        },
      ]
    }
  >
    وحشة
  </Text>,
  <Text
    style={
      Array [
        Object {
          "color": "#000000",
          "fontFamily": "System",
          "fontWeight": "400",
        },
        Object {
          "textAlign": "left",
        },
        undefined,
      ]
    }
  >
    alienation
  </Text>,
  <Text
    style={
      Array [
        Object {
          "color": "#000000",
          "fontFamily": "System",
          "fontWeight": "400",
        },
        Object {
          "textAlign": "left",
        },
        Object {
          "fontSize": 25,
          "paddingBottom": 5,
          "paddingTop": 15,
          "textAlign": "right",
        },
      ]
    }
  >
    ربه
  </Text>,
  <Text
    style={
      Array [
        Object {
          "color": "#000000",
          "fontFamily": "System",
          "fontWeight": "400",
        },
        Object {
          "textAlign": "left",
        },
        undefined,
      ]
    }
  >
    his Lord
  </Text>,
]
`;
