// Jest Snapshot v1, https://goo.gl/fbAQLP

exports[`<Sentence /> renders without crashing 1`] = `
<Context.Provider
  value={
    {
      "getServerState": undefined,
      "store": {
        "@@observable": [Function],
        "dispatch": [Function],
        "getState": [Function],
        "replaceReducer": [Function],
        "subscribe": [Function],
      },
      "subscription": {
        "addNestedSub": [Function],
        "getListeners": [Function],
        "handleChangeWrapper": [Function],
        "isSubscribed": [Function],
        "notifyNestedSubs": [Function],
        "trySubscribe": [Function],
        "tryUnsubscribe": [Function],
      },
    }
  }
>
  <ForwardRef(NavigationContainerInner)>
    <TextBilingualSentences
      sentences={
        [
          {
            "arabic": [
              {
                "a": "a",
              },
            ],
            "english": [
              {
                "e": "e",
              },
            ],
            "sentenceID": "1",
            "sentenceId": 1,
          },
        ]
      }
    />
  </ForwardRef(NavigationContainerInner)>
</Context.Provider>
`;
