// Jest Snapshot v1, https://goo.gl/fbAQLP

exports[`<TextBilingualHeading /> renders correctly 1`] = `
Array [
  <Image
    source={
      Object {
        "uri": "image",
      }
    }
    style={
      Object {
        "height": 250,
        "width": "100%",
      }
    }
  />,
  <Text
    style={
      Array [
        Object {
          "color": "#000000",
          "fontFamily": "System",
          "fontWeight": "400",
        },
        Object {
          "textAlign": "left",
        },
        Array [
          Object {
            "textAlign": "left",
          },
          Object {
            "color": "rgba(0, 0, 0, 0.87)",
            "fontFamily": "System",
            "fontWeight": "500",
            "writingDirection": "ltr",
          },
          Array [
            Object {
              "fontSize": 20,
              "letterSpacing": 0.15,
              "lineHeight": 30,
              "marginVertical": 2,
            },
            Object {
              "paddingTop": 55,
              "textAlign": "center",
            },
          ],
        ],
      ]
    }
  >
    title
  </Text>,
  <Text
    style={
      Array [
        Object {
          "color": "#000000",
          "fontFamily": "System",
          "fontWeight": "400",
        },
        Object {
          "textAlign": "left",
        },
        Array [
          Object {
            "textAlign": "left",
          },
          Object {
            "color": "rgba(0, 0, 0, 0.87)",
            "fontFamily": "System",
            "fontWeight": "400",
            "writingDirection": "ltr",
          },
          Array [
            Object {
              "fontSize": 16,
              "letterSpacing": 0.5,
              "lineHeight": 24,
              "marginVertical": 2,
            },
            Object {
              "textAlign": "center",
            },
          ],
        ],
      ]
    }
  >
    author
  </Text>,
  <Text
    style={
      Array [
        Object {
          "color": "#000000",
          "fontFamily": "System",
          "fontWeight": "400",
        },
        Object {
          "textAlign": "left",
        },
        Array [
          Object {
            "textAlign": "left",
          },
          Object {
            "color": "rgba(0, 0, 0, 0.54)",
            "fontFamily": "System",
            "fontWeight": "400",
            "writingDirection": "ltr",
          },
          Array [
            Object {
              "fontSize": 12,
              "letterSpacing": 0.4,
              "lineHeight": 20,
              "marginVertical": 2,
            },
            Object {
              "paddingBottom": 10,
              "textAlign": "center",
            },
          ],
        ],
      ]
    }
  >
    source
  </Text>,
]
`;
