// Jest Snapshot v1, https://goo.gl/fbAQLP

exports[`<TextBilingualHeading /> renders correctly 1`] = `
[
  <Image
    source={
      {
        "uri": "image",
      }
    }
    style={
      {
        "height": 250,
        "width": "100%",
      }
    }
  />,
  <Text
    style={
      [
        {
          "color": "rgba(28, 27, 31, 1)",
        },
        {
          "textAlign": "left",
        },
        [
          {
            "textAlign": "left",
          },
          {
            "color": "rgba(28, 27, 31, 0.87)",
            "writingDirection": "ltr",
          },
          [
            {
              "fontSize": 20,
              "letterSpacing": 0.15,
              "lineHeight": 30,
              "marginVertical": 2,
            },
            {
              "paddingTop": 45,
              "textAlign": "center",
            },
          ],
        ],
      ]
    }
  >
    title
  </Text>,
  <Text
    style={
      [
        {
          "color": "rgba(28, 27, 31, 1)",
        },
        {
          "textAlign": "left",
        },
        [
          {
            "textAlign": "left",
          },
          {
            "color": "rgba(28, 27, 31, 0.87)",
            "writingDirection": "ltr",
          },
          [
            {
              "fontSize": 16,
              "letterSpacing": 0.5,
              "lineHeight": 24,
              "marginVertical": 2,
            },
            {
              "textAlign": "center",
            },
          ],
        ],
      ]
    }
  >
    author
  </Text>,
  <Text
    style={
      [
        {
          "color": "rgba(28, 27, 31, 1)",
        },
        {
          "textAlign": "left",
        },
        [
          {
            "textAlign": "left",
          },
          {
            "color": "rgba(28, 27, 31, 0.87)",
            "writingDirection": "ltr",
          },
          [
            {
              "fontSize": 16,
              "letterSpacing": 0.5,
              "lineHeight": 24,
              "marginVertical": 2,
            },
            {
              "fontStyle": "italic",
              "paddingBottom": 10,
              "textAlign": "center",
            },
          ],
        ],
      ]
    }
  >
    source
  </Text>,
  <Text
    style={
      [
        {
          "color": "rgba(28, 27, 31, 1)",
        },
        {
          "textAlign": "left",
        },
        [
          {
            "textAlign": "left",
          },
          {
            "color": "rgba(28, 27, 31, 0.54)",
            "writingDirection": "ltr",
          },
          [
            {
              "fontSize": 12,
              "letterSpacing": 0.4,
              "lineHeight": 20,
              "marginVertical": 2,
            },
            {
              "paddingBottom": 10,
              "textAlign": "center",
            },
          ],
        ],
      ]
    }
  >
    5 min read · undefined views · undefined
  </Text>,
]
`;
