// Jest Snapshot v1, https://goo.gl/fbAQLP

exports[`<TextBilingualSentencesWordPairs /> renders without crashing renders correctly 1`] = `
[
  <Text
    style={
      [
        {
          "textAlign": "left",
        },
        {
          "color": "rgba(28, 27, 31, 1)",
          "fontFamily": "System",
          "fontWeight": "400",
          "letterSpacing": 0,
        },
        {
          "writingDirection": "ltr",
        },
        {
          "fontSize": 25,
          "paddingBottom": 5,
          "paddingTop": 15,
          "textAlign": "right",
        },
      ]
    }
  >
    وحشة
  </Text>,
  <Text
    style={
      [
        {
          "textAlign": "left",
        },
        {
          "color": "rgba(28, 27, 31, 1)",
          "fontFamily": "System",
          "fontWeight": "400",
          "letterSpacing": 0,
        },
        {
          "writingDirection": "ltr",
        },
        undefined,
      ]
    }
  >
    alienation
  </Text>,
  <Text
    style={
      [
        {
          "textAlign": "left",
        },
        {
          "color": "rgba(28, 27, 31, 1)",
          "fontFamily": "System",
          "fontWeight": "400",
          "letterSpacing": 0,
        },
        {
          "writingDirection": "ltr",
        },
        {
          "fontSize": 25,
          "paddingBottom": 5,
          "paddingTop": 15,
          "textAlign": "right",
        },
      ]
    }
  >
    ربه
  </Text>,
  <Text
    style={
      [
        {
          "textAlign": "left",
        },
        {
          "color": "rgba(28, 27, 31, 1)",
          "fontFamily": "System",
          "fontWeight": "400",
          "letterSpacing": 0,
        },
        {
          "writingDirection": "ltr",
        },
        undefined,
      ]
    }
  >
    his Lord
  </Text>,
]
`;
