// Jest Snapshot v1, https://goo.gl/fbAQLP

exports[`<TextBilingualHeading /> renders correctly 1`] = `
[
  <Image
    source={
      {
        "uri": "image",
      }
    }
    style={
      {
        "height": 250,
        "width": "100%",
      }
    }
  />,
  <Text
    style={
      [
        {
          "color": "rgba(28, 27, 31, 1)",
          "fontFamily": "System",
          "fontSize": 22,
          "fontWeight": "400",
          "letterSpacing": 0,
          "lineHeight": 28,
        },
        {
          "textAlign": "left",
        },
        {
          "writingDirection": "ltr",
        },
        {
          "paddingTop": 45,
          "textAlign": "center",
        },
      ]
    }
  >
    title
  </Text>,
  <Text
    style={
      [
        {
          "color": "rgba(28, 27, 31, 1)",
          "fontFamily": "System",
          "fontSize": 16,
          "fontWeight": "500",
          "letterSpacing": 0.15,
          "lineHeight": 24,
        },
        {
          "textAlign": "left",
        },
        {
          "writingDirection": "ltr",
        },
        {
          "paddingTop": 15,
          "textAlign": "center",
        },
      ]
    }
  >
    author ·  source
  </Text>,
  <Text
    style={
      [
        {
          "color": "rgba(28, 27, 31, 1)",
          "fontFamily": "System",
          "fontSize": 12,
          "fontWeight": "500",
          "letterSpacing": 0.5,
          "lineHeight": 16,
        },
        {
          "textAlign": "left",
        },
        {
          "writingDirection": "ltr",
        },
        {
          "paddingBottom": 10,
          "paddingTop": 20,
          "textAlign": "center",
        },
      ]
    }
  >
    5 min read · undefined views · undefined
  </Text>,
]
`;
