// Jest Snapshot v1, https://goo.gl/fbAQLP

exports[`<TextBilingualSentencesWordPairs /> renders without crashing renders correctly 1`] = `
[
  <View
    style={
      {
        "flexDirection": "row",
        "justifyContent": "space-around",
        "paddingLeft": 30,
        "paddingRight": 20,
      }
    }
  >
    <View
      style={
        {
          "flex": 1,
        }
      }
    >
      <Text
        style={
          [
            {
              "textAlign": "left",
            },
            {
              "color": "rgba(28, 27, 31, 1)",
              "fontFamily": "System",
              "fontWeight": "400",
              "letterSpacing": 0,
            },
            {
              "writingDirection": "ltr",
            },
            {
              "fontFamily": "amiri",
              "fontSize": 35,
              "opacity": 0.9,
            },
          ]
        }
      >
        وحشة
      </Text>
      <Text
        style={
          [
            {
              "color": "rgba(28, 27, 31, 1)",
              "fontFamily": "System",
              "fontSize": 14,
              "fontWeight": "400",
              "letterSpacing": 0.25,
              "lineHeight": 20,
            },
            {
              "textAlign": "left",
            },
            {
              "writingDirection": "ltr",
            },
            {
              "opacity": 0.9,
            },
          ]
        }
      >
        Alienation
         ·
         
        wḥšt
      </Text>
    </View>
    <View
      style={
        {
          "flex": 1,
        }
      }
    >
      <View
        collapsable={false}
        style={
          {
            "alignSelf": undefined,
            "bottom": undefined,
            "left": undefined,
            "position": undefined,
            "right": undefined,
            "shadowColor": "#000",
            "shadowOffset": {
              "height": 1,
              "width": 0,
            },
            "shadowOpacity": 0.15,
            "shadowRadius": 3,
            "top": undefined,
          }
        }
      >
        <View
          collapsable={false}
          style={
            {
              "shadowColor": "#000",
              "shadowOffset": {
                "height": 1,
                "width": 0,
              },
              "shadowOpacity": 0.3,
              "shadowRadius": 1,
            }
          }
        >
          <View
            collapsable={false}
            style={
              {
                "backgroundColor": "rgb(247, 243, 249)",
                "borderColor": "transparent",
                "borderRadius": 20,
                "borderStyle": "solid",
                "borderWidth": 0,
                "marginTop": 10,
                "minWidth": 64,
              }
            }
          >
            <View
              accessibilityRole="button"
              accessibilityState={
                {
                  "disabled": false,
                }
              }
              accessible={true}
              collapsable={false}
              focusable={true}
              onBlur={[Function]}
              onClick={[Function]}
              onFocus={[Function]}
              onResponderGrant={[Function]}
              onResponderMove={[Function]}
              onResponderRelease={[Function]}
              onResponderTerminate={[Function]}
              onResponderTerminationRequest={[Function]}
              onStartShouldSetResponder={[Function]}
              style={
                [
                  {
                    "overflow": "hidden",
                  },
                  false,
                  {
                    "borderRadius": 20,
                  },
                ]
              }
            >
              <View
                style={
                  [
                    {
                      "alignItems": "center",
                      "flexDirection": "row",
                      "justifyContent": "center",
                    },
                    undefined,
                  ]
                }
              >
                <Text
                  numberOfLines={1}
                  selectable={false}
                  style={
                    [
                      {
                        "color": "rgba(28, 27, 31, 1)",
                        "fontFamily": "System",
                        "fontSize": 14,
                        "fontWeight": "500",
                        "letterSpacing": 0.1,
                        "lineHeight": 20,
                      },
                      {
                        "textAlign": "left",
                      },
                      {
                        "writingDirection": "ltr",
                      },
                      [
                        {
                          "marginHorizontal": 16,
                          "marginVertical": 9,
                          "textAlign": "center",
                        },
                        false,
                        {
                          "marginHorizontal": 24,
                          "marginVertical": 10,
                        },
                        undefined,
                        false,
                        {
                          "color": "rgba(103, 80, 164, 1)",
                          "fontFamily": "System",
                          "fontSize": 14,
                          "fontWeight": "500",
                          "letterSpacing": 0.1,
                          "lineHeight": 20,
                        },
                        undefined,
                      ],
                    ]
                  }
                >
                  PLAY
                </Text>
              </View>
            </View>
          </View>
        </View>
      </View>
    </View>
  </View>,
  <View
    style={
      [
        {
          "backgroundColor": "rgba(202, 196, 208, 1)",
          "height": 0.5,
        },
        undefined,
        false,
        false,
        {
          "marginBottom": 10,
          "marginTop": 10,
          "opacity": 0.3,
        },
      ]
    }
  />,
  <View
    style={
      {
        "flexDirection": "row",
        "justifyContent": "space-around",
        "paddingLeft": 30,
        "paddingRight": 20,
      }
    }
  >
    <View
      style={
        {
          "flex": 1,
        }
      }
    >
      <Text
        style={
          [
            {
              "textAlign": "left",
            },
            {
              "color": "rgba(28, 27, 31, 1)",
              "fontFamily": "System",
              "fontWeight": "400",
              "letterSpacing": 0,
            },
            {
              "writingDirection": "ltr",
            },
            {
              "fontFamily": "amiri",
              "fontSize": 35,
              "opacity": 0.9,
            },
          ]
        }
      >
        ربه
      </Text>
      <Text
        style={
          [
            {
              "color": "rgba(28, 27, 31, 1)",
              "fontFamily": "System",
              "fontSize": 14,
              "fontWeight": "400",
              "letterSpacing": 0.25,
              "lineHeight": 20,
            },
            {
              "textAlign": "left",
            },
            {
              "writingDirection": "ltr",
            },
            {
              "opacity": 0.9,
            },
          ]
        }
      >
        His Lord
         ·
         
        rbh
      </Text>
    </View>
    <View
      style={
        {
          "flex": 1,
        }
      }
    >
      <View
        collapsable={false}
        style={
          {
            "alignSelf": undefined,
            "bottom": undefined,
            "left": undefined,
            "position": undefined,
            "right": undefined,
            "shadowColor": "#000",
            "shadowOffset": {
              "height": 1,
              "width": 0,
            },
            "shadowOpacity": 0.15,
            "shadowRadius": 3,
            "top": undefined,
          }
        }
      >
        <View
          collapsable={false}
          style={
            {
              "shadowColor": "#000",
              "shadowOffset": {
                "height": 1,
                "width": 0,
              },
              "shadowOpacity": 0.3,
              "shadowRadius": 1,
            }
          }
        >
          <View
            collapsable={false}
            style={
              {
                "backgroundColor": "rgb(247, 243, 249)",
                "borderColor": "transparent",
                "borderRadius": 20,
                "borderStyle": "solid",
                "borderWidth": 0,
                "marginTop": 10,
                "minWidth": 64,
              }
            }
          >
            <View
              accessibilityRole="button"
              accessibilityState={
                {
                  "disabled": false,
                }
              }
              accessible={true}
              collapsable={false}
              focusable={true}
              onBlur={[Function]}
              onClick={[Function]}
              onFocus={[Function]}
              onResponderGrant={[Function]}
              onResponderMove={[Function]}
              onResponderRelease={[Function]}
              onResponderTerminate={[Function]}
              onResponderTerminationRequest={[Function]}
              onStartShouldSetResponder={[Function]}
              style={
                [
                  {
                    "overflow": "hidden",
                  },
                  false,
                  {
                    "borderRadius": 20,
                  },
                ]
              }
            >
              <View
                style={
                  [
                    {
                      "alignItems": "center",
                      "flexDirection": "row",
                      "justifyContent": "center",
                    },
                    undefined,
                  ]
                }
              >
                <Text
                  numberOfLines={1}
                  selectable={false}
                  style={
                    [
                      {
                        "color": "rgba(28, 27, 31, 1)",
                        "fontFamily": "System",
                        "fontSize": 14,
                        "fontWeight": "500",
                        "letterSpacing": 0.1,
                        "lineHeight": 20,
                      },
                      {
                        "textAlign": "left",
                      },
                      {
                        "writingDirection": "ltr",
                      },
                      [
                        {
                          "marginHorizontal": 16,
                          "marginVertical": 9,
                          "textAlign": "center",
                        },
                        false,
                        {
                          "marginHorizontal": 24,
                          "marginVertical": 10,
                        },
                        undefined,
                        false,
                        {
                          "color": "rgba(103, 80, 164, 1)",
                          "fontFamily": "System",
                          "fontSize": 14,
                          "fontWeight": "500",
                          "letterSpacing": 0.1,
                          "lineHeight": 20,
                        },
                        undefined,
                      ],
                    ]
                  }
                >
                  PLAY
                </Text>
              </View>
            </View>
          </View>
        </View>
      </View>
    </View>
  </View>,
  <View
    style={
      [
        {
          "backgroundColor": "rgba(202, 196, 208, 1)",
          "height": 0.5,
        },
        undefined,
        false,
        false,
        {
          "marginBottom": 10,
          "marginTop": 10,
          "opacity": 0.3,
        },
      ]
    }
  />,
]
`;
